------------------------------------------------------------
Timing Analyzer Summary
------------------------------------------------------------

Type  : Slow 1100mV 85C Model Setup 'clk'
Slack : -0.551
TNS   : -2.582

Type  : Slow 1100mV 85C Model Hold 'clk'
Slack : 0.487
TNS   : 0.000

Type  : Slow 1100mV 85C Model Minimum Pulse Width 'clk'
Slack : -0.724
TNS   : -5.577

Type  : Slow 1100mV 0C Model Setup 'clk'
Slack : -0.653
TNS   : -2.914

Type  : Slow 1100mV 0C Model Hold 'clk'
Slack : 0.484
TNS   : 0.000

Type  : Slow 1100mV 0C Model Minimum Pulse Width 'clk'
Slack : -0.724
TNS   : -5.667

Type  : Fast 1100mV 85C Model Setup 'clk'
Slack : 0.371
TNS   : 0.000

Type  : Fast 1100mV 85C Model Hold 'clk'
Slack : 0.178
TNS   : 0.000

Type  : Fast 1100mV 85C Model Minimum Pulse Width 'clk'
Slack : -0.087
TNS   : -0.426

Type  : Fast 1100mV 0C Model Setup 'clk'
Slack : 0.397
TNS   : 0.000

Type  : Fast 1100mV 0C Model Hold 'clk'
Slack : 0.168
TNS   : 0.000

Type  : Fast 1100mV 0C Model Minimum Pulse Width 'clk'
Slack : -0.086
TNS   : -0.418

------------------------------------------------------------
