------------------------------------------------------------
Timing Analyzer Summary
------------------------------------------------------------

Type  : Slow 1100mV 85C Model Setup 'clk'
Slack : -1.444
TNS   : -8.970

Type  : Slow 1100mV 85C Model Hold 'clk'
Slack : 0.487
TNS   : 0.000

Type  : Slow 1100mV 85C Model Minimum Pulse Width 'clk'
Slack : -0.724
TNS   : -8.925

Type  : Slow 1100mV 0C Model Setup 'clk'
Slack : -1.592
TNS   : -9.878

Type  : Slow 1100mV 0C Model Hold 'clk'
Slack : 0.505
TNS   : 0.000

Type  : Slow 1100mV 0C Model Minimum Pulse Width 'clk'
Slack : -0.724
TNS   : -8.912

Type  : Fast 1100mV 85C Model Setup 'clk'
Slack : 0.071
TNS   : 0.000

Type  : Fast 1100mV 85C Model Hold 'clk'
Slack : 0.183
TNS   : 0.000

Type  : Fast 1100mV 85C Model Minimum Pulse Width 'clk'
Slack : -0.088
TNS   : -0.700

Type  : Fast 1100mV 0C Model Setup 'clk'
Slack : 0.095
TNS   : 0.000

Type  : Fast 1100mV 0C Model Hold 'clk'
Slack : 0.174
TNS   : 0.000

Type  : Fast 1100mV 0C Model Minimum Pulse Width 'clk'
Slack : -0.087
TNS   : -0.688

------------------------------------------------------------
